// Jest Snapshot v1, https://goo.gl/fbAQLP

exports[`Button component test renders correctly 1`] = `
<View
  style={
    Object {
      "marginTop": 20,
      "paddingHorizontal": 32,
    }
  }
>
  <Text
    style={
      Object {
        "color": "rgba(0, 0, 0, 1)",
        "fontFamily": "System",
        "fontSize": 24,
        "fontWeight": "400",
        "includeFontPadding": false,
        "lineHeight": 30,
        "marginBottom": 10,
        "textAlign": undefined,
      }
    }
    testID="Text"
  >
    Title
  </Text>
  <Text
    selectable={true}
    style={
      Object {
        "color": "rgba(144, 144, 144, 1)",
        "fontFamily": "System",
        "fontSize": 16,
        "fontWeight": "400",
        "includeFontPadding": false,
        "lineHeight": 20,
        "textAlign": undefined,
      }
    }
    testID="Text"
  >
    Lorem ipsum dolor sit amet consectetur adipisicing elit. Ipsa, autem.
  </Text>
</View>
`;
